    Blocking waiting for file lock on package cache
    Blocking waiting for file lock on package cache
    Blocking waiting for file lock on package cache
   Compiling honch-capture v0.1.0 (/Users/morgana/Development/honch-io/capture)
    Finished `dev` profile [unoptimized + debuginfo] target(s) in 3.18s
warning: the following packages contain code that will be rejected by a future version of Rust: redis v0.23.3, sqlx-postgres v0.7.3
note: to see what the problems were, use the option `--future-incompat-report`, or run `cargo report future-incompatibilities --id 1`
     Running `target/debug/honch-capture`
{"timestamp":"2026-05-25T18:39:31.726515Z","level":"INFO","fields":{"message":"Starting Honch Capture Service on 0.0.0.0:8001"},"target":"honch_capture"}
{"timestamp":"2026-05-25T18:39:32.084747Z","level":"INFO","fields":{"message":"Creating topic: events-raw"},"target":"honch_capture::services::pubsub"}
{"timestamp":"2026-05-25T18:39:32.108054Z","level":"INFO","fields":{"message":"Pub/Sub publisher initialized"},"target":"honch_capture::services::pubsub"}
{"timestamp":"2026-05-25T18:39:32.108159Z","level":"INFO","fields":{"message":"Events topic: events-raw"},"target":"honch_capture::services::pubsub"}
{"timestamp":"2026-05-25T18:39:32.239749Z","level":"INFO","fields":{"message":"Connected to Postgres database"},"target":"honch_capture::services::postgres"}
{"timestamp":"2026-05-25T18:39:32.239841Z","level":"WARN","fields":{"message":"Failed to load GeoIP database from GeoLite2-City.mmdb: IoError: No such file or directory (os error 2). GeoIP enrichment will be disabled."},"target":"honch_capture"}
{"timestamp":"2026-05-25T18:39:32.240585Z","level":"INFO","fields":{"message":"Listening on 0.0.0.0:8001"},"target":"honch_capture"}
    Blocking waiting for file lock on package cache
    Blocking waiting for file lock on package cache
    Blocking waiting for file lock on package cache
    Finished `dev` profile [unoptimized + debuginfo] target(s) in 0.50s
warning: the following packages contain code that will be rejected by a future version of Rust: redis v0.23.3, sqlx-postgres v0.7.3
note: to see what the problems were, use the option `--future-incompat-report`, or run `cargo report future-incompatibilities --id 1`
     Running `target/debug/honch-capture`
{"timestamp":"2026-05-25T18:42:24.518144Z","level":"INFO","fields":{"message":"Starting Honch Capture Service on 0.0.0.0:8001"},"target":"honch_capture"}
{"timestamp":"2026-05-25T18:42:24.753662Z","level":"INFO","fields":{"message":"Creating topic: events-raw"},"target":"honch_capture::services::pubsub"}
{"timestamp":"2026-05-25T18:42:24.766875Z","level":"INFO","fields":{"message":"Pub/Sub publisher initialized"},"target":"honch_capture::services::pubsub"}
{"timestamp":"2026-05-25T18:42:24.766945Z","level":"INFO","fields":{"message":"Events topic: events-raw"},"target":"honch_capture::services::pubsub"}
{"timestamp":"2026-05-25T18:42:24.839484Z","level":"INFO","fields":{"message":"Connected to Postgres database"},"target":"honch_capture::services::postgres"}
{"timestamp":"2026-05-25T18:42:24.839582Z","level":"WARN","fields":{"message":"Failed to load GeoIP database from GeoLite2-City.mmdb: IoError: No such file or directory (os error 2). GeoIP enrichment will be disabled."},"target":"honch_capture"}
{"timestamp":"2026-05-25T18:42:24.840279Z","level":"INFO","fields":{"message":"Listening on 0.0.0.0:8001"},"target":"honch_capture"}
    Blocking waiting for file lock on package cache
    Blocking waiting for file lock on package cache
    Blocking waiting for file lock on package cache
    Finished `dev` profile [unoptimized + debuginfo] target(s) in 0.42s
warning: the following packages contain code that will be rejected by a future version of Rust: redis v0.23.3, sqlx-postgres v0.7.3
note: to see what the problems were, use the option `--future-incompat-report`, or run `cargo report future-incompatibilities --id 1`
     Running `target/debug/honch-capture`
{"timestamp":"2026-05-25T18:42:54.495020Z","level":"INFO","fields":{"message":"Starting Honch Capture Service on 0.0.0.0:8001"},"target":"honch_capture"}
{"timestamp":"2026-05-25T18:42:54.732500Z","level":"INFO","fields":{"message":"Creating topic: events-raw"},"target":"honch_capture::services::pubsub"}
{"timestamp":"2026-05-25T18:42:54.748040Z","level":"INFO","fields":{"message":"Pub/Sub publisher initialized"},"target":"honch_capture::services::pubsub"}
{"timestamp":"2026-05-25T18:42:54.748110Z","level":"INFO","fields":{"message":"Events topic: events-raw"},"target":"honch_capture::services::pubsub"}
{"timestamp":"2026-05-25T18:42:54.829501Z","level":"INFO","fields":{"message":"Connected to Postgres database"},"target":"honch_capture::services::postgres"}
{"timestamp":"2026-05-25T18:42:54.829590Z","level":"WARN","fields":{"message":"Failed to load GeoIP database from GeoLite2-City.mmdb: IoError: No such file or directory (os error 2). GeoIP enrichment will be disabled."},"target":"honch_capture"}
{"timestamp":"2026-05-25T18:42:54.830295Z","level":"INFO","fields":{"message":"Listening on 0.0.0.0:8001"},"target":"honch_capture"}
{"timestamp":"2026-05-25T18:43:04.321913Z","level":"DEBUG","fields":{"message":"started processing request"},"target":"tower_http::trace::on_request","span":{"method":"GET","uri":"/health","version":"HTTP/1.1","name":"request"},"spans":[{"method":"GET","uri":"/health","version":"HTTP/1.1","name":"request"}]}
{"timestamp":"2026-05-25T18:43:04.322014Z","level":"DEBUG","fields":{"message":"finished processing request","latency":"0 ms","status":200},"target":"tower_http::trace::on_response","span":{"method":"GET","uri":"/health","version":"HTTP/1.1","name":"request"},"spans":[{"method":"GET","uri":"/health","version":"HTTP/1.1","name":"request"}]}
{"timestamp":"2026-05-25T18:43:04.322881Z","level":"DEBUG","fields":{"message":"started processing request"},"target":"tower_http::trace::on_request","span":{"method":"GET","uri":"/health","version":"HTTP/1.1","name":"request"},"spans":[{"method":"GET","uri":"/health","version":"HTTP/1.1","name":"request"}]}
{"timestamp":"2026-05-25T18:43:04.322920Z","level":"DEBUG","fields":{"message":"finished processing request","latency":"0 ms","status":200},"target":"tower_http::trace::on_response","span":{"method":"GET","uri":"/health","version":"HTTP/1.1","name":"request"},"spans":[{"method":"GET","uri":"/health","version":"HTTP/1.1","name":"request"}]}
